[www.littleofficeofdivinewrath.com/index.html]
[backblue.gif]
[fade.gif]
[index.html]
[www.littleofficeofdivinewrath.com/Loaded settings.0.delayed]
[www.littleofficeofdivinewrath.com/css/main.min.4787ecff5258a9e183892a1789779e7e0470933cc46eefe904030972c076013e.css]
[www.littleofficeofdivinewrath.com/img/favicons/apple-touch-icon.png]
[www.littleofficeofdivinewrath.com/img/favicons/favicon-32x32.png]
[www.littleofficeofdivinewrath.com/img/favicons/favicon-16x16.png]
[www.littleofficeofdivinewrath.com/img/favicons/site.webmanifest]
[www.littleofficeofdivinewrath.com/img/favicons/safari-pinned-tab.svg]
[www.littleofficeofdivinewrath.com/img/favicons/favicon.ico]
[www.littleofficeofdivinewrath.com/img/banner.jpg]
[www.littleofficeofdivinewrath.com/img/home.9.delayed]
[www.littleofficeofdivinewrath.com/index.html]
[www.littleofficeofdivinewrath.com/introduction/index.html]
[www.littleofficeofdivinewrath.com/Loaded settings.html]
[www.littleofficeofdivinewrath.com/css/main.min.4787ecff5258a9e183892a1789779e7e0470933cc46eefe904030972c076013e.css]
[www.littleofficeofdivinewrath.com/img/favicons/safari-pinned-tab.svg]
[www.littleofficeofdivinewrath.com/introduction/Loaded settings.a.delayed]
[www.littleofficeofdivinewrath.com/introduction/index.html]
[www.littleofficeofdivinewrath.com/hours/matins/index.html]
[www.littleofficeofdivinewrath.com/hours/lauds/index.html]
[www.littleofficeofdivinewrath.com/hours/prime/index.html]
[www.littleofficeofdivinewrath.com/hours/terce/index.html]
[www.littleofficeofdivinewrath.com/hours/office-3/la-en/prime/index.html]
[www.littleofficeofdivinewrath.com/hours/sext/index.html]
[www.littleofficeofdivinewrath.com/hours/office-3/la-en/lauds/index.html]
[www.littleofficeofdivinewrath.com/hours/office-3/la-en/terce/index.html]
[www.littleofficeofdivinewrath.com/hours/none/index.html]
[www.littleofficeofdivinewrath.com/hours/vespers/index.html]
[www.littleofficeofdivinewrath.com/hours/office-3/la-en/matins/index.html]
[www.littleofficeofdivinewrath.com/hours/compline/index.html]
[www.littleofficeofdivinewrath.com/hours/office-3/la-en/sext/index.html]
[www.littleofficeofdivinewrath.com/introduction/Loaded settings.html]
[www.littleofficeofdivinewrath.com/hours/office-3/la-en/none/index.html]
[www.littleofficeofdivinewrath.com/hours/office-3/la-en/vespers/index.html]
[www.littleofficeofdivinewrath.com/hours/office-3/la-en/compline/index.html]
[www.littleofficeofdivinewrath.com/hours/office-3/la-en/matins/index.txt]
[www.littleofficeofdivinewrath.com/hours/office-3/la-en/matins/Loaded settings.c.delayed]
[www.littleofficeofdivinewrath.com/hours/office-3/la-en/matins/index.html]
[www.littleofficeofdivinewrath.com/hours/office-3/la-en/lauds/index.txt]
[www.littleofficeofdivinewrath.com/hours/office-3/la-en/lauds/Loaded settings.12.delayed]
[www.littleofficeofdivinewrath.com/hours/office-3/la-en/lauds/index.html]
[www.littleofficeofdivinewrath.com/hours/office-3/la-en/prime/index.txt]
[www.littleofficeofdivinewrath.com/hours/office-3/la-en/prime/Loaded settings.18.delayed]
[www.littleofficeofdivinewrath.com/hours/office-3/la-en/prime/index.html]
[www.littleofficeofdivinewrath.com/hours/office-3/la-en/terce/index.txt]
[www.littleofficeofdivinewrath.com/hours/office-3/la-en/terce/Loaded settings.1e.delayed]
[www.littleofficeofdivinewrath.com/hours/office-3/la-en/terce/index.html]
[www.littleofficeofdivinewrath.com/hours/office-3/la-en/sext/index.txt]
[www.littleofficeofdivinewrath.com/hours/office-3/la-en/sext/Loaded settings.24.delayed]
[www.littleofficeofdivinewrath.com/hours/office-3/la-en/sext/index.html]
[www.littleofficeofdivinewrath.com/hours/office-3/la-en/none/index.txt]
[www.littleofficeofdivinewrath.com/hours/office-3/la-en/none/Loaded settings.2a.delayed]
[www.littleofficeofdivinewrath.com/hours/office-3/la-en/none/index.html]
[www.littleofficeofdivinewrath.com/hours/office-3/la-en/vespers/index.txt]
[www.littleofficeofdivinewrath.com/hours/office-3/la-en/vespers/Loaded settings.30.delayed]
[www.littleofficeofdivinewrath.com/hours/office-3/la-en/vespers/index.html]
[www.littleofficeofdivinewrath.com/hours/office-3/la-en/compline/index.txt]
[www.littleofficeofdivinewrath.com/hours/office-3/la-en/compline/Loaded settings.36.delayed]
[www.littleofficeofdivinewrath.com/hours/office-3/la-en/compline/index.html]
[www.littleofficeofdivinewrath.com/hours/office-3/la-en/matins/Loaded settings.html]
[www.littleofficeofdivinewrath.com/hours/roman/2022/office-3/la-en/matins/index.html]
[www.littleofficeofdivinewrath.com/hours/roman/2022/office-3/la-en/matins/index.html]
[www.littleofficeofdivinewrath.com/hours/roman/2022/office-1/en/matins/index.html]
[www.littleofficeofdivinewrath.com/hours/roman/2022/office-1/la/matins/index.html]
[www.littleofficeofdivinewrath.com/hours/office-1/en/matins/index.html]
[www.littleofficeofdivinewrath.com/hours/office-1/la/matins/index.html]
[www.littleofficeofdivinewrath.com/hours/office-3/la-en/lauds/Loaded settings.html]
[www.littleofficeofdivinewrath.com/hours/roman/2022/office-3/la-en/lauds/index.html]
[www.littleofficeofdivinewrath.com/hours/roman/2022/office-3/la-en/lauds/index.html]
[www.littleofficeofdivinewrath.com/hours/office-3/la-en/matins/index.html]
[www.littleofficeofdivinewrath.com/hours/roman/2022/office-1/en/lauds/index.html]
[www.littleofficeofdivinewrath.com/hours/office-3/la-en/matins/index.html]
[www.littleofficeofdivinewrath.com/hours/roman/2022/office-1/la/lauds/index.html]
[www.littleofficeofdivinewrath.com/hours/office-3/la-en/lauds/index.html]
[www.littleofficeofdivinewrath.com/hours/office-3/la-en/lauds/index.html]
[www.littleofficeofdivinewrath.com/hours/office-3/la-en/prime/Loaded settings.html]
[www.littleofficeofdivinewrath.com/hours/roman/2022/office-3/la-en/prime/index.html]
[www.littleofficeofdivinewrath.com/hours/roman/2022/office-3/la-en/prime/index.html]
[www.littleofficeofdivinewrath.com/hours/office-1/en/lauds/index.html]
[www.littleofficeofdivinewrath.com/hours/roman/2022/office-1/en/prime/index.html]
[www.littleofficeofdivinewrath.com/hours/office-1/la/lauds/index.html]
[www.littleofficeofdivinewrath.com/hours/roman/2022/office-1/la/prime/index.html]
[www.littleofficeofdivinewrath.com/hours/office-3/la-en/prime/index.html]
[www.littleofficeofdivinewrath.com/hours/office-3/la-en/prime/index.html]
[www.littleofficeofdivinewrath.com/hours/office-1/en/prime/index.html]
[www.littleofficeofdivinewrath.com/hours/office-3/la-en/terce/Loaded settings.html]
[www.littleofficeofdivinewrath.com/hours/roman/2022/office-3/la-en/terce/index.html]
[www.littleofficeofdivinewrath.com/hours/roman/2022/office-3/la-en/terce/index.html]
[www.littleofficeofdivinewrath.com/hours/roman/2022/office-1/en/terce/index.html]
[www.littleofficeofdivinewrath.com/hours/office-1/la/prime/index.html]
[www.littleofficeofdivinewrath.com/hours/roman/2022/office-1/la/terce/index.html]
[www.littleofficeofdivinewrath.com/hours/office-3/la-en/terce/index.html]
[www.littleofficeofdivinewrath.com/hours/office-1/en/terce/index.html]
[www.littleofficeofdivinewrath.com/hours/office-3/la-en/sext/Loaded settings.html]
[www.littleofficeofdivinewrath.com/hours/roman/2022/office-3/la-en/sext/index.html]
[www.littleofficeofdivinewrath.com/hours/roman/2022/office-3/la-en/sext/index.html]
[www.littleofficeofdivinewrath.com/hours/office-3/la-en/terce/index.html]
[www.littleofficeofdivinewrath.com/hours/office-1/la/terce/index.html]
[www.littleofficeofdivinewrath.com/hours/roman/2022/office-1/en/sext/index.html]
[www.littleofficeofdivinewrath.com/hours/roman/2022/office-1/la/sext/index.html]
[www.littleofficeofdivinewrath.com/hours/office-3/la-en/sext/index.html]
[www.littleofficeofdivinewrath.com/hours/office-3/la-en/none/Loaded settings.html]
[www.littleofficeofdivinewrath.com/hours/roman/2022/office-3/la-en/none/index.html]
[www.littleofficeofdivinewrath.com/hours/office-3/la-en/sext/index.html]
[www.littleofficeofdivinewrath.com/hours/roman/2022/office-3/la-en/none/index.html]
[www.littleofficeofdivinewrath.com/hours/office-1/en/sext/index.html]
[www.littleofficeofdivinewrath.com/hours/office-1/la/sext/index.html]
[www.littleofficeofdivinewrath.com/hours/roman/2022/office-1/en/none/index.html]
[www.littleofficeofdivinewrath.com/hours/roman/2022/office-1/la/none/index.html]
[www.littleofficeofdivinewrath.com/hours/office-3/la-en/none/index.html]
[www.littleofficeofdivinewrath.com/hours/office-3/la-en/vespers/Loaded settings.html]
[www.littleofficeofdivinewrath.com/hours/roman/2022/office-3/la-en/vespers/index.html]
[www.littleofficeofdivinewrath.com/hours/office-1/en/none/index.html]
[www.littleofficeofdivinewrath.com/hours/office-1/la/none/index.html]
[www.littleofficeofdivinewrath.com/hours/office-3/la-en/none/index.html]
[www.littleofficeofdivinewrath.com/hours/roman/2022/office-3/la-en/vespers/index.html]
[www.littleofficeofdivinewrath.com/hours/roman/2022/office-1/en/vespers/index.html]
[www.littleofficeofdivinewrath.com/hours/roman/2022/office-1/la/vespers/index.html]
[www.littleofficeofdivinewrath.com/hours/office-3/la-en/vespers/index.html]
[www.littleofficeofdivinewrath.com/hours/office-3/la-en/compline/Loaded settings.html]
[www.littleofficeofdivinewrath.com/hours/roman/2022/office-3/la-en/compline/index.html]
[www.littleofficeofdivinewrath.com/hours/office-1/en/vespers/index.html]
[www.littleofficeofdivinewrath.com/hours/roman/2022/office-3/la-en/compline/index.html]
[www.littleofficeofdivinewrath.com/hours/office-3/la-en/vespers/index.html]
[www.littleofficeofdivinewrath.com/hours/office-1/la/vespers/index.html]
[www.littleofficeofdivinewrath.com/hours/roman/2022/office-1/en/compline/index.html]
[www.littleofficeofdivinewrath.com/hours/roman/2022/office-1/la/compline/index.html]
[www.littleofficeofdivinewrath.com/hours/office-3/la-en/compline/index.html]
[www.littleofficeofdivinewrath.com/hours/office-1/en/compline/index.html]
[www.littleofficeofdivinewrath.com/hours/office-3/la-en/compline/index.html]
[www.littleofficeofdivinewrath.com/hours/office-1/la/compline/index.html]
[www.littleofficeofdivinewrath.com/hours/office-3/la-en/matins/index.txt]
[www.littleofficeofdivinewrath.com/hours/office-3/la-en/matins/Loaded settings.3c.delayed]
[www.littleofficeofdivinewrath.com/hours/office-3/la-en/matins/index.html]
[www.littleofficeofdivinewrath.com/hours/office-3/la-en/matins/index.txt]
[www.littleofficeofdivinewrath.com/hours/office-3/la-en/matins/Loaded settings.42.delayed]
[www.littleofficeofdivinewrath.com/hours/office-3/la-en/matins/index.html]
[www.littleofficeofdivinewrath.com/hours/office-1/en/matins/index.txt]
[www.littleofficeofdivinewrath.com/hours/office-1/en/matins/Loaded settings.48.delayed]
[www.littleofficeofdivinewrath.com/hours/office-1/en/matins/index.html]
[www.littleofficeofdivinewrath.com/hours/office-1/la/matins/index.txt]
[www.littleofficeofdivinewrath.com/hours/office-1/la/matins/Loaded settings.4e.delayed]
[www.littleofficeofdivinewrath.com/hours/office-1/la/matins/index.html]
[www.littleofficeofdivinewrath.com/hours/office-3/la-en/lauds/index.txt]
[www.littleofficeofdivinewrath.com/hours/office-3/la-en/lauds/Loaded settings.54.delayed]
[www.littleofficeofdivinewrath.com/hours/office-3/la-en/lauds/index.html]
[www.littleofficeofdivinewrath.com/hours/office-3/la-en/lauds/index.txt]
[www.littleofficeofdivinewrath.com/hours/office-3/la-en/lauds/Loaded settings.5a.delayed]
[www.littleofficeofdivinewrath.com/hours/office-3/la-en/lauds/index.html]
[www.littleofficeofdivinewrath.com/hours/office-1/en/lauds/index.txt]
[www.littleofficeofdivinewrath.com/hours/office-1/en/lauds/Loaded settings.60.delayed]
[www.littleofficeofdivinewrath.com/hours/office-1/en/lauds/index.html]
[www.littleofficeofdivinewrath.com/hours/office-1/la/lauds/index.txt]
[www.littleofficeofdivinewrath.com/hours/office-1/la/lauds/Loaded settings.66.delayed]
[www.littleofficeofdivinewrath.com/hours/office-1/la/lauds/index.html]
[www.littleofficeofdivinewrath.com/hours/office-3/la-en/prime/index.txt]
[www.littleofficeofdivinewrath.com/hours/office-3/la-en/prime/Loaded settings.6c.delayed]
[www.littleofficeofdivinewrath.com/hours/office-3/la-en/prime/index.html]
[www.littleofficeofdivinewrath.com/hours/office-3/la-en/prime/index.txt]
[www.littleofficeofdivinewrath.com/hours/office-3/la-en/prime/Loaded settings.72.delayed]
[www.littleofficeofdivinewrath.com/hours/office-3/la-en/prime/index.html]
[www.littleofficeofdivinewrath.com/hours/office-1/en/prime/index.txt]
[www.littleofficeofdivinewrath.com/hours/office-1/en/prime/Loaded settings.78.delayed]
